// Jest Snapshot v1, https://goo.gl/fbAQLP

exports[`cassandra Execute Select 1`] = `
Object {
  "meta": ResultSet {
    "columns": Array [
      Object {
        "name": "keyspace_name",
        "type": Object {
          "code": 13,
          "type": null,
        },
      },
      Object {
        "name": "table_name",
        "type": Object {
          "code": 13,
          "type": null,
        },
      },
      Object {
        "name": "additional_write_policy",
        "type": Object {
          "code": 13,
          "type": null,
        },
      },
      Object {
        "name": "bloom_filter_fp_chance",
        "type": Object {
          "code": 7,
          "type": null,
        },
      },
      Object {
        "name": "caching",
        "type": Object {
          "code": 33,
          "info": Array [
            Object {
              "code": 13,
              "type": null,
            },
            Object {
              "code": 13,
              "type": null,
            },
          ],
          "type": null,
        },
      },
      Object {
        "name": "cdc",
        "type": Object {
          "code": 4,
          "type": null,
        },
      },
      Object {
        "name": "comment",
        "type": Object {
          "code": 13,
          "type": null,
        },
      },
      Object {
        "name": "compaction",
        "type": Object {
          "code": 33,
          "info": Array [
            Object {
              "code": 13,
              "type": null,
            },
            Object {
              "code": 13,
              "type": null,
            },
          ],
          "type": null,
        },
      },
      Object {
        "name": "compression",
        "type": Object {
          "code": 33,
          "info": Array [
            Object {
              "code": 13,
              "type": null,
            },
            Object {
              "code": 13,
              "type": null,
            },
          ],
          "type": null,
        },
      },
      Object {
        "name": "crc_check_chance",
        "type": Object {
          "code": 7,
          "type": null,
        },
      },
      Object {
        "name": "dclocal_read_repair_chance",
        "type": Object {
          "code": 7,
          "type": null,
        },
      },
      Object {
        "name": "default_time_to_live",
        "type": Object {
          "code": 9,
          "type": null,
        },
      },
      Object {
        "name": "extensions",
        "type": Object {
          "code": 33,
          "info": Array [
            Object {
              "code": 13,
              "type": null,
            },
            Object {
              "code": 3,
              "type": null,
            },
          ],
          "type": null,
        },
      },
      Object {
        "name": "flags",
        "type": Object {
          "code": 34,
          "info": Object {
            "code": 13,
            "type": null,
          },
          "type": null,
        },
      },
      Object {
        "name": "gc_grace_seconds",
        "type": Object {
          "code": 9,
          "type": null,
        },
      },
      Object {
        "name": "id",
        "type": Object {
          "code": 12,
          "type": null,
        },
      },
      Object {
        "name": "max_index_interval",
        "type": Object {
          "code": 9,
          "type": null,
        },
      },
      Object {
        "name": "memtable_flush_period_in_ms",
        "type": Object {
          "code": 9,
          "type": null,
        },
      },
      Object {
        "name": "min_index_interval",
        "type": Object {
          "code": 9,
          "type": null,
        },
      },
      Object {
        "name": "read_repair",
        "type": Object {
          "code": 13,
          "type": null,
        },
      },
      Object {
        "name": "read_repair_chance",
        "type": Object {
          "code": 7,
          "type": null,
        },
      },
      Object {
        "name": "speculative_retry",
        "type": Object {
          "code": 13,
          "type": null,
        },
      },
    ],
    "info": Object {
      "achievedConsistency": 10,
      "customPayload": undefined,
      "queriedHost": "127.0.0.1:9042",
      "speculativeExecutions": 0,
      "traceId": undefined,
      "triedHosts": Object {
        "127.0.0.1:9042": null,
      },
      "warnings": undefined,
    },
    "nextPage": undefined,
    "pageState": null,
    "rowLength": 10,
  },
  "ok": false,
  "raw": Array [
    Row {
      "additional_write_policy": "99p",
      "bloom_filter_fp_chance": 0.01,
      "caching": Object {
        "keys": "ALL",
        "rows_per_partition": "NONE",
      },
      "cdc": null,
      "comment": "user network permissions",
      "compaction": Object {
        "class": "org.apache.cassandra.db.compaction.SizeTieredCompactionStrategy",
        "max_threshold": "32",
        "min_threshold": "4",
      },
      "compression": Object {
        "chunk_length_in_kb": "16",
        "class": "org.apache.cassandra.io.compress.LZ4Compressor",
      },
      "crc_check_chance": 1,
      "dclocal_read_repair_chance": 0,
      "default_time_to_live": 0,
      "extensions": Object {},
      "flags": Array [
        "compound",
      ],
      "gc_grace_seconds": 7776000,
      "id": "d46780c2-2f1c-3db9-b4c1-b8d9fbc0cc23",
      "keyspace_name": "system_auth",
      "max_index_interval": 2048,
      "memtable_flush_period_in_ms": 0,
      "min_index_interval": 128,
      "read_repair": "BLOCKING",
      "read_repair_chance": 0,
      "speculative_retry": "99p",
      "table_name": "network_permissions",
    },
    Row {
      "additional_write_policy": "99p",
      "bloom_filter_fp_chance": 0.01,
      "caching": Object {
        "keys": "ALL",
        "rows_per_partition": "NONE",
      },
      "cdc": null,
      "comment": "index of db roles with permissions granted on a resource",
      "compaction": Object {
        "class": "org.apache.cassandra.db.compaction.SizeTieredCompactionStrategy",
        "max_threshold": "32",
        "min_threshold": "4",
      },
      "compression": Object {
        "chunk_length_in_kb": "16",
        "class": "org.apache.cassandra.io.compress.LZ4Compressor",
      },
      "crc_check_chance": 1,
      "dclocal_read_repair_chance": 0,
      "default_time_to_live": 0,
      "extensions": Object {},
      "flags": Array [
        "compound",
      ],
      "gc_grace_seconds": 7776000,
      "id": "5f2fbdad-91f1-3946-bd25-d5da3a5c35ec",
      "keyspace_name": "system_auth",
      "max_index_interval": 2048,
      "memtable_flush_period_in_ms": 0,
      "min_index_interval": 128,
      "read_repair": "BLOCKING",
      "read_repair_chance": 0,
      "speculative_retry": "99p",
      "table_name": "resource_role_permissons_index",
    },
    Row {
      "additional_write_policy": "99p",
      "bloom_filter_fp_chance": 0.01,
      "caching": Object {
        "keys": "ALL",
        "rows_per_partition": "NONE",
      },
      "cdc": null,
      "comment": "role memberships lookup table",
      "compaction": Object {
        "class": "org.apache.cassandra.db.compaction.SizeTieredCompactionStrategy",
        "max_threshold": "32",
        "min_threshold": "4",
      },
      "compression": Object {
        "chunk_length_in_kb": "16",
        "class": "org.apache.cassandra.io.compress.LZ4Compressor",
      },
      "crc_check_chance": 1,
      "dclocal_read_repair_chance": 0,
      "default_time_to_live": 0,
      "extensions": Object {},
      "flags": Array [
        "compound",
      ],
      "gc_grace_seconds": 7776000,
      "id": "0ecdaa87-f8fb-3e60-88d1-74fb36fe5c0d",
      "keyspace_name": "system_auth",
      "max_index_interval": 2048,
      "memtable_flush_period_in_ms": 0,
      "min_index_interval": 128,
      "read_repair": "BLOCKING",
      "read_repair_chance": 0,
      "speculative_retry": "99p",
      "table_name": "role_members",
    },
    Row {
      "additional_write_policy": "99p",
      "bloom_filter_fp_chance": 0.01,
      "caching": Object {
        "keys": "ALL",
        "rows_per_partition": "NONE",
      },
      "cdc": null,
      "comment": "permissions granted to db roles",
      "compaction": Object {
        "class": "org.apache.cassandra.db.compaction.SizeTieredCompactionStrategy",
        "max_threshold": "32",
        "min_threshold": "4",
      },
      "compression": Object {
        "chunk_length_in_kb": "16",
        "class": "org.apache.cassandra.io.compress.LZ4Compressor",
      },
      "crc_check_chance": 1,
      "dclocal_read_repair_chance": 0,
      "default_time_to_live": 0,
      "extensions": Object {},
      "flags": Array [
        "compound",
      ],
      "gc_grace_seconds": 7776000,
      "id": "3afbe79f-2194-31a7-add7-f5ab90d8ec9c",
      "keyspace_name": "system_auth",
      "max_index_interval": 2048,
      "memtable_flush_period_in_ms": 0,
      "min_index_interval": 128,
      "read_repair": "BLOCKING",
      "read_repair_chance": 0,
      "speculative_retry": "99p",
      "table_name": "role_permissions",
    },
    Row {
      "additional_write_policy": "99p",
      "bloom_filter_fp_chance": 0.01,
      "caching": Object {
        "keys": "ALL",
        "rows_per_partition": "NONE",
      },
      "cdc": null,
      "comment": "role definitions",
      "compaction": Object {
        "class": "org.apache.cassandra.db.compaction.SizeTieredCompactionStrategy",
        "max_threshold": "32",
        "min_threshold": "4",
      },
      "compression": Object {
        "chunk_length_in_kb": "16",
        "class": "org.apache.cassandra.io.compress.LZ4Compressor",
      },
      "crc_check_chance": 1,
      "dclocal_read_repair_chance": 0,
      "default_time_to_live": 0,
      "extensions": Object {},
      "flags": Array [
        "compound",
      ],
      "gc_grace_seconds": 7776000,
      "id": "5bc52802-de25-35ed-aeab-188eecebb090",
      "keyspace_name": "system_auth",
      "max_index_interval": 2048,
      "memtable_flush_period_in_ms": 0,
      "min_index_interval": 128,
      "read_repair": "BLOCKING",
      "read_repair_chance": 0,
      "speculative_retry": "99p",
      "table_name": "roles",
    },
    Row {
      "additional_write_policy": "99p",
      "bloom_filter_fp_chance": 0.01,
      "caching": Object {
        "keys": "ALL",
        "rows_per_partition": "NONE",
      },
      "cdc": null,
      "comment": "user defined aggregate definitions",
      "compaction": Object {
        "class": "org.apache.cassandra.db.compaction.SizeTieredCompactionStrategy",
        "max_threshold": "32",
        "min_threshold": "4",
      },
      "compression": Object {
        "chunk_length_in_kb": "16",
        "class": "org.apache.cassandra.io.compress.LZ4Compressor",
      },
      "crc_check_chance": 1,
      "dclocal_read_repair_chance": 0,
      "default_time_to_live": 0,
      "extensions": Object {},
      "flags": Array [
        "compound",
      ],
      "gc_grace_seconds": 604800,
      "id": "924c5587-2e3a-345b-b10c-12f37c1ba895",
      "keyspace_name": "system_schema",
      "max_index_interval": 2048,
      "memtable_flush_period_in_ms": 3600000,
      "min_index_interval": 128,
      "read_repair": "BLOCKING",
      "read_repair_chance": 0,
      "speculative_retry": "99p",
      "table_name": "aggregates",
    },
    Row {
      "additional_write_policy": "99p",
      "bloom_filter_fp_chance": 0.01,
      "caching": Object {
        "keys": "ALL",
        "rows_per_partition": "NONE",
      },
      "cdc": null,
      "comment": "column definitions",
      "compaction": Object {
        "class": "org.apache.cassandra.db.compaction.SizeTieredCompactionStrategy",
        "max_threshold": "32",
        "min_threshold": "4",
      },
      "compression": Object {
        "chunk_length_in_kb": "16",
        "class": "org.apache.cassandra.io.compress.LZ4Compressor",
      },
      "crc_check_chance": 1,
      "dclocal_read_repair_chance": 0,
      "default_time_to_live": 0,
      "extensions": Object {},
      "flags": Array [
        "compound",
      ],
      "gc_grace_seconds": 604800,
      "id": "24101c25-a2ae-3af7-87c1-b40ee1aca33f",
      "keyspace_name": "system_schema",
      "max_index_interval": 2048,
      "memtable_flush_period_in_ms": 3600000,
      "min_index_interval": 128,
      "read_repair": "BLOCKING",
      "read_repair_chance": 0,
      "speculative_retry": "99p",
      "table_name": "columns",
    },
    Row {
      "additional_write_policy": "99p",
      "bloom_filter_fp_chance": 0.01,
      "caching": Object {
        "keys": "ALL",
        "rows_per_partition": "NONE",
      },
      "cdc": null,
      "comment": "dropped column registry",
      "compaction": Object {
        "class": "org.apache.cassandra.db.compaction.SizeTieredCompactionStrategy",
        "max_threshold": "32",
        "min_threshold": "4",
      },
      "compression": Object {
        "chunk_length_in_kb": "16",
        "class": "org.apache.cassandra.io.compress.LZ4Compressor",
      },
      "crc_check_chance": 1,
      "dclocal_read_repair_chance": 0,
      "default_time_to_live": 0,
      "extensions": Object {},
      "flags": Array [
        "compound",
      ],
      "gc_grace_seconds": 604800,
      "id": "5e7583b5-f3f4-3af1-9a39-b7e1d6f5f11f",
      "keyspace_name": "system_schema",
      "max_index_interval": 2048,
      "memtable_flush_period_in_ms": 3600000,
      "min_index_interval": 128,
      "read_repair": "BLOCKING",
      "read_repair_chance": 0,
      "speculative_retry": "99p",
      "table_name": "dropped_columns",
    },
    Row {
      "additional_write_policy": "99p",
      "bloom_filter_fp_chance": 0.01,
      "caching": Object {
        "keys": "ALL",
        "rows_per_partition": "NONE",
      },
      "cdc": null,
      "comment": "user defined function definitions",
      "compaction": Object {
        "class": "org.apache.cassandra.db.compaction.SizeTieredCompactionStrategy",
        "max_threshold": "32",
        "min_threshold": "4",
      },
      "compression": Object {
        "chunk_length_in_kb": "16",
        "class": "org.apache.cassandra.io.compress.LZ4Compressor",
      },
      "crc_check_chance": 1,
      "dclocal_read_repair_chance": 0,
      "default_time_to_live": 0,
      "extensions": Object {},
      "flags": Array [
        "compound",
      ],
      "gc_grace_seconds": 604800,
      "id": "96489b79-80be-3e14-a701-66a0b9159450",
      "keyspace_name": "system_schema",
      "max_index_interval": 2048,
      "memtable_flush_period_in_ms": 3600000,
      "min_index_interval": 128,
      "read_repair": "BLOCKING",
      "read_repair_chance": 0,
      "speculative_retry": "99p",
      "table_name": "functions",
    },
    Row {
      "additional_write_policy": "99p",
      "bloom_filter_fp_chance": 0.01,
      "caching": Object {
        "keys": "ALL",
        "rows_per_partition": "NONE",
      },
      "cdc": null,
      "comment": "secondary index definitions",
      "compaction": Object {
        "class": "org.apache.cassandra.db.compaction.SizeTieredCompactionStrategy",
        "max_threshold": "32",
        "min_threshold": "4",
      },
      "compression": Object {
        "chunk_length_in_kb": "16",
        "class": "org.apache.cassandra.io.compress.LZ4Compressor",
      },
      "crc_check_chance": 1,
      "dclocal_read_repair_chance": 0,
      "default_time_to_live": 0,
      "extensions": Object {},
      "flags": Array [
        "compound",
      ],
      "gc_grace_seconds": 604800,
      "id": "0feb57ac-311f-382f-ba6d-9024d305702f",
      "keyspace_name": "system_schema",
      "max_index_interval": 2048,
      "memtable_flush_period_in_ms": 3600000,
      "min_index_interval": 128,
      "read_repair": "BLOCKING",
      "read_repair_chance": 0,
      "speculative_retry": "99p",
      "table_name": "indexes",
    },
  ],
}
`;

exports[`cassandra cassandra - Get columns 1`] = `
Array [
  Object {
    "name": "clustering_order",
    "type": "text",
  },
  Object {
    "name": "column_name",
    "type": "text",
  },
  Object {
    "name": "column_name_bytes",
    "type": "blob",
  },
  Object {
    "name": "keyspace_name",
    "type": "text",
  },
  Object {
    "name": "kind",
    "type": "text",
  },
  Object {
    "name": "position",
    "type": "int",
  },
  Object {
    "name": "table_name",
    "type": "text",
  },
  Object {
    "name": "type",
    "type": "text",
  },
]
`;

exports[`cassandra cassandra - Get database 1`] = `
Array [
  Object {
    "name": "system",
    "tables": Array [],
  },
  Object {
    "name": "system_auth",
    "tables": Array [],
  },
  Object {
    "name": "system_distributed",
    "tables": Array [],
  },
  Object {
    "name": "system_schema",
    "tables": Array [],
  },
  Object {
    "name": "system_traces",
    "tables": Array [],
  },
  Object {
    "name": "system_views",
    "tables": Array [],
  },
  Object {
    "name": "system_virtual_schema",
    "tables": Array [],
  },
]
`;

exports[`cassandra cassandra - Get tables 1`] = `
Array [
  Object {
    "columns": Array [],
    "name": "available_ranges",
  },
  Object {
    "columns": Array [],
    "name": "available_ranges_v2",
  },
  Object {
    "columns": Array [],
    "name": "batches",
  },
  Object {
    "columns": Array [],
    "name": "built_views",
  },
  Object {
    "columns": Array [],
    "name": "compaction_history",
  },
  Object {
    "columns": Array [],
    "name": "IndexInfo",
  },
  Object {
    "columns": Array [],
    "name": "local",
  },
  Object {
    "columns": Array [],
    "name": "paxos",
  },
  Object {
    "columns": Array [],
    "name": "peer_events",
  },
  Object {
    "columns": Array [],
    "name": "peer_events_v2",
  },
  Object {
    "columns": Array [],
    "name": "peers",
  },
  Object {
    "columns": Array [],
    "name": "peers_v2",
  },
  Object {
    "columns": Array [],
    "name": "prepared_statements",
  },
  Object {
    "columns": Array [],
    "name": "repairs",
  },
  Object {
    "columns": Array [],
    "name": "size_estimates",
  },
  Object {
    "columns": Array [],
    "name": "sstable_activity",
  },
  Object {
    "columns": Array [],
    "name": "table_estimates",
  },
  Object {
    "columns": Array [],
    "name": "transferred_ranges",
  },
  Object {
    "columns": Array [],
    "name": "transferred_ranges_v2",
  },
  Object {
    "columns": Array [],
    "name": "view_builds_in_progress",
  },
]
`;
