// Jest Snapshot v1, https://goo.gl/fbAQLP

exports[`commonUtils getExportedQuery should work with minimal inputs 1`] = `
Object {
  "_type": "query",
  "connectionId": "connection.1644098335891.8887562323718656",
  "databaseId": "musicstores",
  "id": "query.1643737746323.6184509846791006",
  "name": "Query 2/1/2022, 9:49:06 AM",
  "sql": "SELECT
  TOP 200 *
FROM
  albums",
}
`;

exports[`commonUtils getExportedQuery should work with more completed data inputs 1`] = `
Object {
  "_type": "query",
  "connectionId": "connection.1644098335891.8887562323718656",
  "databaseId": "musicstores",
  "id": "query.1643737746323.6184509846791006",
  "name": "Query 2/1/2022, 9:49:06 AM",
  "sql": "SELECT
  TOP 200 *
FROM
  albums",
}
`;
