// Jest Snapshot v1, https://goo.gl/fbAQLP

exports[`BaseDataAdapter getConnectionParameters basic input should work  1`] = `
Array [
  Object {
    "host": "localhost",
    "port": 9042,
  },
]
`;

exports[`BaseDataAdapter getConnectionParameters input with keyspace 1`] = `
Array [
  Object {
    "host": "localhost",
    "port": 9042,
  },
]
`;

exports[`BaseDataAdapter getConnectionParameters input with username and password 1`] = `
Array [
  Object {
    "host": "localhost",
    "port": 9042,
  },
]
`;

exports[`BaseDataAdapter getConnectionParameters input with username and password and database 1`] = `
Array [
  Object {
    "host": "localhost",
    "port": 9042,
  },
]
`;
