// Jest Snapshot v1, https://goo.gl/fbAQLP

exports[`mysql Execute Select 1`] = `undefined`;

exports[`mysql Get columns 1`] = `
Array [
  Object {
    "allowNull": false,
    "autoIncrement": true,
    "comment": null,
    "defaultValue": null,
    "name": "ArtistId",
    "primaryKey": true,
    "type": "INT",
  },
  Object {
    "allowNull": true,
    "autoIncrement": false,
    "comment": null,
    "defaultValue": null,
    "name": "Name",
    "primaryKey": false,
    "type": "VARCHAR(120)",
  },
]
`;

exports[`mysql Get tables 1`] = `
Array [
  Object {
    "columns": Array [],
    "name": "albums",
  },
  Object {
    "columns": Array [],
    "name": "artists",
  },
  Object {
    "columns": Array [],
    "name": "artists2",
  },
  Object {
    "columns": Array [],
    "name": "artists3",
  },
  Object {
    "columns": Array [],
    "name": "artists4",
  },
  Object {
    "columns": Array [],
    "name": "customers",
  },
  Object {
    "columns": Array [],
    "name": "customers2",
  },
  Object {
    "columns": Array [],
    "name": "employees",
  },
  Object {
    "columns": Array [],
    "name": "genres",
  },
  Object {
    "columns": Array [],
    "name": "invoice_items",
  },
  Object {
    "columns": Array [],
    "name": "invoices",
  },
  Object {
    "columns": Array [],
    "name": "media_types",
  },
  Object {
    "columns": Array [],
    "name": "playlist_track",
  },
  Object {
    "columns": Array [],
    "name": "playlists",
  },
  Object {
    "columns": Array [],
    "name": "tracks",
  },
]
`;
